../Core/Src/main.c:93:5:main	24	static
../Core/Src/main.c:187:6:SystemClock_Config	88	static
../Core/Src/main.c:233:13:MX_CRC_Init	8	static
../Core/Src/main.c:259:13:MX_DMA2D_Init	8	static
../Core/Src/main.c:296:13:MX_I2C3_Init	8	static
../Core/Src/main.c:344:13:MX_LTDC_Init	64	static
../Core/Src/main.c:406:13:MX_SPI5_Init	8	static
../Core/Src/main.c:444:13:MX_TIM1_Init	32	static
../Core/Src/main.c:490:13:MX_TIM7_Init	16	static
../Core/Src/main.c:528:13:MX_USART1_UART_Init	8	static
../Core/Src/main.c:557:13:MX_FMC_Init	40	static
../Core/Src/main.c:608:13:MX_GPIO_Init	64	static
../Core/Src/main.c:705:6:StartDefaultTask	16	static
../Core/Src/main.c:726:6:HAL_TIM_PeriodElapsedCallback	16	static
../Core/Src/main.c:743:6:Error_Handler	4	static,ignoring_inline_asm
